// Vitest Snapshot v1, https://vitest.dev/guide/snapshot.html

exports[`Transactions API > POST /api/v1/transactions/create > should return 422 for invalid amount 1`] = `
{
  "error": {
    "code": "VALIDATION_ERROR",
    "details": [
      {
        "code": "VALIDATION_ERROR",
        "field": "amount",
        "message": "Amount should be positive, this incident was reported. Nice day!",
      },
    ],
    "message": "Validation error",
  },
  "message": "Validation error",
  "meta": {
    "timestamp": Any<String>,
  },
  "success": false,
}
`;
